// Jest Snapshot v1, https://goo.gl/fbAQLP

exports[`<Footer/> renders the <Footer/> with populated data 1`] = `
<div
  class="sc-gKsewC MelsK"
>
  <p
    class="sc-jrAGrp pUPsd"
  >
    Questions? Contact us.
  </p>
  <p
    class="sc-iqHYGH cfOTvf"
  />
  <div
    class="sc-fubCfw jIlAui"
  >
    <div
      class="sc-iBPRYJ RmDjd"
    >
      <a
        class="sc-pFZIQ cZGIoS"
        href="#"
      >
        FAQ
      </a>
      <a
        class="sc-pFZIQ cZGIoS"
        href="#"
      >
        Investor Relations
      </a>
      <a
        class="sc-pFZIQ cZGIoS"
        href="#"
      >
        Ways to Watch
      </a>
      <a
        class="sc-pFZIQ cZGIoS"
        href="#"
      >
        Coporate Informations
      </a>
      <a
        class="sc-pFZIQ cZGIoS"
        href="#"
      >
        Netflix Originals
      </a>
    </div>
    <div
      class="sc-iBPRYJ RmDjd"
    >
      <a
        class="sc-pFZIQ cZGIoS"
        href="#"
      >
        Help Centre
      </a>
      <a
        class="sc-pFZIQ cZGIoS"
        href="#"
      >
        Jobs
      </a>
      <a
        class="sc-pFZIQ cZGIoS"
        href="#"
      >
        Terms of Use
      </a>
      <a
        class="sc-pFZIQ cZGIoS"
        href="#"
      >
        Contact us
      </a>
    </div>
    <div
      class="sc-iBPRYJ RmDjd"
    >
      <a
        class="sc-pFZIQ cZGIoS"
        href="#"
      >
        Account
      </a>
      <a
        class="sc-pFZIQ cZGIoS"
        href="#"
      >
        Redeem Gift Cards
      </a>
      <a
        class="sc-pFZIQ cZGIoS"
        href="#"
      >
        Privacy
      </a>
      <a
        class="sc-pFZIQ cZGIoS"
        href="#"
      >
        Speed test
      </a>
    </div>
    <div
      class="sc-iBPRYJ RmDjd"
    >
      <a
        class="sc-pFZIQ cZGIoS"
        href="#"
      >
        Media Centre
      </a>
      <a
        class="sc-pFZIQ cZGIoS"
        href="#"
      >
        Buy Gift Cards
      </a>
      <a
        class="sc-pFZIQ cZGIoS"
        href="#"
      >
        Cookie Preferences
      </a>
      <a
        class="sc-pFZIQ cZGIoS"
        href="#"
      >
        Legal Notices 
      </a>
    </div>
  </div>
  <p
    class="sc-iqHYGH cfOTvf"
  />
  <p
    class="sc-kEjbxe kMrfjv"
  >
    Netflix United Kingdom
  </p>
</div>
`;
